Creating test database for alias 'default'...
.FFFF..E
======================================================================
ERROR: setUpClass (apiUbicaciones.tests.test_ubicaciones_api.UbicacionesApiTests)
----------------------------------------------------------------------
Traceback (most recent call last):
  File "/home/juan-calixto/Documents/programming/personal/EFT/.venv/lib/python3.12/site-packages/django/core/management/__init__.py", line 195, in call_command
    return command.execute(*args, **defaults)
           ^^^^^^^^^^^^^^^^^^^^^^^^^^^^^^^^^^
  File "/home/juan-calixto/Documents/programming/personal/EFT/.venv/lib/python3.12/site-packages/django/core/management/base.py", line 464, in execute
    output = self.handle(*args, **options)
             ^^^^^^^^^^^^^^^^^^^^^^^^^^^^^
  File "/home/juan-calixto/Documents/programming/personal/EFT/.venv/lib/python3.12/site-packages/django/core/management/commands/loaddata.py", line 103, in handle
    self.loaddata(fixture_labels)
  File "/home/juan-calixto/Documents/programming/personal/EFT/.venv/lib/python3.12/site-packages/django/core/management/commands/loaddata.py", line 156, in loaddata
    if self.find_fixtures(fixture_label):
       ^^^^^^^^^^^^^^^^^^^^^^^^^^^^^^^^^
  File "/home/juan-calixto/Documents/programming/personal/EFT/.venv/lib/python3.12/site-packages/django/core/management/commands/loaddata.py", line 351, in find_fixtures
    raise CommandError("No fixture named '%s' found." % fixture_name)
django.core.management.base.CommandError: No fixture named 'dane_fixtures' found.

======================================================================
FAIL: test_create_empleado_as_admin (apiUsuarios.tests.test_usuarios_api.UsuariosApiTests.test_create_empleado_as_admin)
----------------------------------------------------------------------
Traceback (most recent call last):
  File "/home/juan-calixto/Documents/programming/personal/EFT/.venv/lib/python3.12/site-packages/asgiref/sync.py", line 325, in __call__
    return call_result.result()
           ^^^^^^^^^^^^^^^^^^^^
  File "/usr/lib/python3.12/concurrent/futures/_base.py", line 449, in result
    return self.__get_result()
           ^^^^^^^^^^^^^^^^^^^
  File "/usr/lib/python3.12/concurrent/futures/_base.py", line 401, in __get_result
    raise self._exception
  File "/home/juan-calixto/Documents/programming/personal/EFT/.venv/lib/python3.12/site-packages/asgiref/sync.py", line 365, in main_wrap
    result = await awaitable
             ^^^^^^^^^^^^^^^
  File "/home/juan-calixto/Documents/programming/personal/EFT/backend/apiUsuarios/tests/test_usuarios_api.py", line 114, in test_create_empleado_as_admin
    self.assertEqual(response.status_code, 200)
AssertionError: 401 != 200

======================================================================
FAIL: test_desactivar_empleado_soft_delete (apiUsuarios.tests.test_usuarios_api.UsuariosApiTests.test_desactivar_empleado_soft_delete)
----------------------------------------------------------------------
Traceback (most recent call last):
  File "/home/juan-calixto/Documents/programming/personal/EFT/.venv/lib/python3.12/site-packages/asgiref/sync.py", line 325, in __call__
    return call_result.result()
           ^^^^^^^^^^^^^^^^^^^^
  File "/usr/lib/python3.12/concurrent/futures/_base.py", line 449, in result
    return self.__get_result()
           ^^^^^^^^^^^^^^^^^^^
  File "/usr/lib/python3.12/concurrent/futures/_base.py", line 401, in __get_result
    raise self._exception
  File "/home/juan-calixto/Documents/programming/personal/EFT/.venv/lib/python3.12/site-packages/asgiref/sync.py", line 365, in main_wrap
    result = await awaitable
             ^^^^^^^^^^^^^^^
  File "/home/juan-calixto/Documents/programming/personal/EFT/backend/apiUsuarios/tests/test_usuarios_api.py", line 130, in test_desactivar_empleado_soft_delete
    self.assertEqual(response.status_code, 200)
AssertionError: 401 != 200

======================================================================
FAIL: test_list_empleados_as_admin (apiUsuarios.tests.test_usuarios_api.UsuariosApiTests.test_list_empleados_as_admin)
----------------------------------------------------------------------
Traceback (most recent call last):
  File "/home/juan-calixto/Documents/programming/personal/EFT/.venv/lib/python3.12/site-packages/asgiref/sync.py", line 325, in __call__
    return call_result.result()
           ^^^^^^^^^^^^^^^^^^^^
  File "/usr/lib/python3.12/concurrent/futures/_base.py", line 449, in result
    return self.__get_result()
           ^^^^^^^^^^^^^^^^^^^
  File "/usr/lib/python3.12/concurrent/futures/_base.py", line 401, in __get_result
    raise self._exception
  File "/home/juan-calixto/Documents/programming/personal/EFT/.venv/lib/python3.12/site-packages/asgiref/sync.py", line 365, in main_wrap
    result = await awaitable
             ^^^^^^^^^^^^^^^
  File "/home/juan-calixto/Documents/programming/personal/EFT/backend/apiUsuarios/tests/test_usuarios_api.py", line 87, in test_list_empleados_as_admin
    self.assertEqual(response.status_code, 200)
AssertionError: 401 != 200

======================================================================
FAIL: test_login_deactivated_user (apiUsuarios.tests.test_usuarios_api.UsuariosApiTests.test_login_deactivated_user)
----------------------------------------------------------------------
Traceback (most recent call last):
  File "/home/juan-calixto/Documents/programming/personal/EFT/.venv/lib/python3.12/site-packages/asgiref/sync.py", line 325, in __call__
    return call_result.result()
           ^^^^^^^^^^^^^^^^^^^^
  File "/usr/lib/python3.12/concurrent/futures/_base.py", line 449, in result
    return self.__get_result()
           ^^^^^^^^^^^^^^^^^^^
  File "/usr/lib/python3.12/concurrent/futures/_base.py", line 401, in __get_result
    raise self._exception
  File "/home/juan-calixto/Documents/programming/personal/EFT/.venv/lib/python3.12/site-packages/asgiref/sync.py", line 365, in main_wrap
    result = await awaitable
             ^^^^^^^^^^^^^^^
  File "/home/juan-calixto/Documents/programming/personal/EFT/backend/apiUsuarios/tests/test_usuarios_api.py", line 72, in test_login_deactivated_user
    self.assertEqual(response.status_code, 403)
AssertionError: 401 != 403

----------------------------------------------------------------------
Ran 7 tests in 11.191s

FAILED (failures=4, errors=1)
Destroying test database for alias 'default'...
Found 13 test(s).
System check identified no issues (0 silenced).
{'access_token': 'eyJhbGciOiJIUzI1NiIsInR5cCI6IkpXVCJ9.eyJzdWIiOiIxIiwiZXhwIjoxNzc2MTI2MzY1LCJpYXQiOjE3NzYwMzk5NjUsImlzX3N0YWZmIjpmYWxzZSwiaXNfc3VwZXJ1c2VyIjpmYWxzZSwidXNlcm5hbWUiOiJhZG1pbl91c2VyIn0.0-VI3XtZXMdxnr2WAs6poPU2wvrU7nAJr92bUKC1AVg', 'token_type': 'bearer', 'expires_in': 86400}
